error: `if` leaves an outcome implicit: the path not taken has no name here
  --> $DIR/main.rs:6:5
   |
LL | /     if full {
LL | |         return 0;
LL | |     }
   | |_____^
   |
   = help: write the decision as a `match` -- `match cond { true => …, false => … }`, or `match value { … }` for what an `if let` asks
   = note: `#[deny(explicit019_no_if)]` on by default

error: `if` leaves an outcome implicit: the path not taken has no name here
  --> $DIR/main.rs:16:17
   |
LL |     let width = if wide { 3 } else { 1 };
   |                 ^^^^^^^^^^^^^^^^^^^^^^^^
   |
   = help: write the decision as a `match` -- `match cond { true => …, false => … }`, or `match value { … }` for what an `if let` asks

error: `if` leaves an outcome implicit: the path not taken has no name here
  --> $DIR/main.rs:23:5
   |
LL | /     if let Some(n) = x {
LL | |         return n;
LL | |     }
   | |_____^
   |
   = help: write the decision as a `match` -- `match cond { true => …, false => … }`, or `match value { … }` for what an `if let` asks

error: a guard is an `if` on an arm: its false answer falls through to the next arm without a name
  --> $DIR/main.rs:34:20
   |
LL |         Some(n) if n > 2 => n,
   |                    ^^^^^
   |
   = help: put the question in the pattern, or match on its answer -- `match a == b { true => …, false => … }`

error: aborting due to 4 previous errors

