error: `unwrap_or` turns a failure into a value with nothing said
  --> $DIR/main.rs:10:5
   |
LL |     fallible().unwrap_or(0)
   |     ^^^^^^^^^^^^^^^^^^^^^^^
   |
   = help: propagate it with `?`, or `match` both ways and name the failing one
   = note: `#[deny(explicit001_fallible_result)]` on by default

error: `is_ok` turns a failure into a value with nothing said
  --> $DIR/main.rs:16:5
   |
LL |     fallible().is_ok()
   |     ^^^^^^^^^^^^^^^^^^
   |
   = help: propagate it with `?`, or `match` both ways and name the failing one

error: `unwrap_or` turns a failure into a value with nothing said
  --> $DIR/main.rs:22:8
   |
LL |     Ok(fallible().unwrap_or(0))
   |        ^^^^^^^^^^^^^^^^^^^^^^^
   |
   = help: propagate it with `?`, or `match` both ways and name the failing one

error: an `Err` arm that does not say what went wrong turns a failure into a value with nothing said
  --> $DIR/main.rs:38:9
   |
LL |         Err(_) => 0,
   |         ^^^^^^
   |
   = help: name what went wrong in the binding, match the fault's own variants, or hand it on as `Err`

error: an `Err` arm that does not say what went wrong turns a failure into a value with nothing said
  --> $DIR/main.rs:47:9
   |
LL |         Err(..) => return Ok(0),
   |         ^^^^^^^
   |
   = help: name what went wrong in the binding, match the fault's own variants, or hand it on as `Err`

error: an `Err` arm that does not say what went wrong turns a failure into a value with nothing said
  --> $DIR/main.rs:57:9
   |
LL |         Ok(None) | Err(_) => 0,
   |         ^^^^^^^^^^^^^^^^^
   |
   = help: name what went wrong in the binding, match the fault's own variants, or hand it on as `Err`

error: an `Err` arm that does not say what went wrong turns a failure into a value with nothing said
  --> $DIR/main.rs:66:9
   |
LL |         Err(_fault) => 0,
   |         ^^^^^^^^^^^
   |
   = help: name what went wrong in the binding, match the fault's own variants, or hand it on as `Err`

error: aborting due to 7 previous errors

