error: `if` must have a blank line above it
  --> $DIR/main.rs:10:5
   |
LL |     if doubled > 10 {
   |     ^
   |
   = note: `#[deny(explicit013_breathing_room)]` on by default
help: leave a blank line before the block, so it reads as its own thought
LL -     if doubled > 10 {
   |

error: `if` must have a blank line below it
  --> $DIR/main.rs:12:6
   |
LL |     }
   |      ^
   |
help: leave a blank line after the block, so what follows is its own thought
LL -     doubled
   |

error: `match` must have a blank line above it
  --> $DIR/main.rs:75:5
   |
LL |     match seen {
   |     ^
   |
help: leave a blank line before the block, so it reads as its own thought
LL -     match seen {
   |

error: `match` must have a blank line below it
  --> $DIR/main.rs:78:6
   |
LL |     }
   |      ^
   |
help: leave a blank line after the block, so what follows is its own thought
LL -     println!("done");
   |

error: `for` must have a blank line below it
  --> $DIR/main.rs:86:6
   |
LL |     }
   |      ^
   |
help: leave a blank line after the block, so what follows is its own thought
LL -     println!("done");
   |

error: `while` must have a blank line above it
  --> $DIR/main.rs:93:5
   |
LL |     while n < 3 {
   |     ^
   |
help: leave a blank line before the block, so it reads as its own thought
LL -     while n < 3 {
   |

error: `fn` must have a blank line below it
  --> $DIR/main.rs:99:14
   |
LL | fn first() {}
   |              ^
   |
help: leave a blank line after the block, so what follows is its own thought
LL - fn second() {}
   |

error: `fn` must have a blank line above it
  --> $DIR/main.rs:100:1
   |
LL | fn second() {}
   | ^
   |
help: leave a blank line before the block, so it reads as its own thought
LL - fn second() {}
   |

error: `let … else` must have a blank line above it
  --> $DIR/main.rs:107:5
   |
LL |     let Some(found) = n else {
   |     ^
   |
help: leave a blank line before the block, so it reads as its own thought
LL -     let Some(found) = n else {
   |

error: `let … else` must have a blank line below it
  --> $DIR/main.rs:109:7
   |
LL |     };
   |       ^
   |
help: leave a blank line after the block, so what follows is its own thought
LL -     found
   |

error: `struct` must have a blank line below it
  --> $DIR/main.rs:127:2
   |
LL | }
   |  ^
   |
help: leave a blank line after the block, so what follows is its own thought
LL - impl Packed {
   |

error: `impl` must have a blank line above it
  --> $DIR/main.rs:128:1
   |
LL | impl Packed {
   | ^
   |
help: leave a blank line before the block, so it reads as its own thought
LL - impl Packed {
   |

error: `unsafe` must have a blank line above it
  --> $DIR/main.rs:151:5
   |
LL |     unsafe {
   |     ^
   |
help: leave a blank line before the block, so it reads as its own thought
LL -     // SAFETY: the caller guarantees `p` points to writable memory.
   |

error: `unsafe` must have a blank line below it
  --> $DIR/main.rs:153:6
   |
LL |     }
   |      ^
   |
help: leave a blank line after the block, so what follows is its own thought
LL -     println!("wrote");
   |

error: aborting due to 14 previous errors

