error: this arm matches every variant of the enum without naming one
  --> $DIR/main.rs:15:9
   |
LL |         _ => 0,
   |         ^
   |
   = help: name every variant, so a variant added later is a compile error here rather than a silent vote -- and over somebody else's open enum, ask the question instead: `match value == Wanted { true => …, false => … }`
   = note: `#[deny(explicit016_no_wildcard_arm)]` on by default

error: this arm matches every variant of the enum without naming one
  --> $DIR/main.rs:24:9
   |
LL |         other => drop_it(other),
   |         ^^^^^
   |
   = help: name every variant, so a variant added later is a compile error here rather than a silent vote -- and over somebody else's open enum, ask the question instead: `match value == Wanted { true => …, false => … }`

error: this arm matches every variant of the enum without naming one
  --> $DIR/main.rs:46:9
   |
LL |         _ => 0,
   |         ^
   |
   = help: name every variant, so a variant added later is a compile error here rather than a silent vote -- and over somebody else's open enum, ask the question instead: `match value == Wanted { true => …, false => … }`

error: aborting due to 3 previous errors

